// Jest Snapshot v1, https://goo.gl/fbAQLP

exports[`test web-react pkg test pc dist cjs module correctly 1`] = `
Array [
  "Affix",
  "Alert",
  "Avatar",
  "AvatarGroup",
  "BackTop",
  "Badge",
  "Breadcrumb",
  "Button",
  "CheckBox",
  "Collapse",
  "CollapseItem",
  "Comment",
  "Content",
  "DatePicker",
  "Divider",
  "Drawer",
  "Dropdown",
  "Empty",
  "Footer",
  "Form",
  "GlobalConfig",
  "Header",
  "Image",
  "Input",
  "InputPro",
  "Layout",
  "LazyLoad",
  "Link",
  "List",
  "Loading",
  "Menu",
  "Message",
  "Modal",
  "MonthPicker",
  "Nav",
  "Notification",
  "Pagination",
  "Popover",
  "PreviewJump",
  "Radio",
  "RadioGroup",
  "RangeDatePicker",
  "Rate",
  "Select",
  "Skeleton",
  "Slider",
  "Space",
  "Step",
  "Steps",
  "Swiper",
  "Switch",
  "Table",
  "Tabs",
  "Tag",
  "TextArea",
  "TimePicker",
  "Tree",
  "TreeView",
  "Upload",
  "YearPicker",
]
`;

exports[`test web-react pkg test pc dist esm module correctly 1`] = `
Array [
  "Affix",
  "Alert",
  "Avatar",
  "AvatarGroup",
  "BackTop",
  "Badge",
  "Breadcrumb",
  "Button",
  "CheckBox",
  "Collapse",
  "CollapseItem",
  "Comment",
  "Content",
  "DatePicker",
  "Divider",
  "Drawer",
  "Dropdown",
  "Empty",
  "Footer",
  "Form",
  "GlobalConfig",
  "Header",
  "Image",
  "Input",
  "InputPro",
  "Layout",
  "LazyLoad",
  "Link",
  "List",
  "Loading",
  "Menu",
  "Message",
  "Modal",
  "MonthPicker",
  "Nav",
  "Notification",
  "Pagination",
  "Popover",
  "PreviewJump",
  "Radio",
  "RadioGroup",
  "RangeDatePicker",
  "Rate",
  "Select",
  "Skeleton",
  "Slider",
  "Space",
  "Step",
  "Steps",
  "Swiper",
  "Switch",
  "Table",
  "Tabs",
  "Tag",
  "TextArea",
  "TimePicker",
  "Tree",
  "TreeView",
  "Upload",
  "YearPicker",
]
`;

exports[`test web-react pkg test pc dist umd module correctly 1`] = `
Array [
  "Affix",
  "Alert",
  "Avatar",
  "AvatarGroup",
  "BackTop",
  "Badge",
  "Breadcrumb",
  "Button",
  "CheckBox",
  "Collapse",
  "CollapseItem",
  "Comment",
  "Content",
  "DatePicker",
  "Divider",
  "Drawer",
  "Dropdown",
  "Empty",
  "Footer",
  "Form",
  "GlobalConfig",
  "Header",
  "Image",
  "Input",
  "InputPro",
  "Layout",
  "LazyLoad",
  "Link",
  "List",
  "Loading",
  "Menu",
  "Message",
  "Modal",
  "MonthPicker",
  "Nav",
  "Notification",
  "Pagination",
  "Popover",
  "PreviewJump",
  "Radio",
  "RadioGroup",
  "RangeDatePicker",
  "Rate",
  "Select",
  "Skeleton",
  "Slider",
  "Space",
  "Step",
  "Steps",
  "Swiper",
  "Switch",
  "Table",
  "Tabs",
  "Tag",
  "TextArea",
  "TimePicker",
  "Tree",
  "TreeView",
  "Upload",
  "YearPicker",
]
`;
